// Vitest Snapshot v1, https://vitest.dev/guide/snapshot.html

exports[`Public API stability — v0.4.0 surface > runtime exports match the v0.4.0 snapshot 1`] = `
[
  "ACCELERATION",
  "ACTION",
  "ALPHA",
  "AREA",
  "BRIDGE_EQUATIONS",
  "CHARGE",
  "C_SI",
  "DIMENSIONLESS",
  "DimensionMismatchError",
  "DuplicateCoordinateWarning",
  "ENERGY",
  "ENTROPY",
  "E_SI",
  "EngineCapabilityError",
  "FORCE",
  "FREQUENCY",
  "Float64ReferenceEngine",
  "G_SI",
  "H0_SI",
  "HBAR_SI",
  "H_SI",
  "K_B_SI",
  "LENGTH",
  "L_P_SI",
  "MASS",
  "M_P_SI",
  "NumericalBackendError",
  "POWER",
  "PhysicalConstants",
  "TEMPERATURE",
  "TIME",
  "T_P_SI",
  "UniversalTensor",
  "VELOCITY",
  "add",
  "bianchiResidual",
  "christoffel",
  "divide",
  "einstein",
  "equals",
  "evaluateBE37CovariantEikonalNumerical",
  "evaluateGravitationalLensing",
  "evaluateMetricInverse",
  "evaluateNumerical",
  "evaluateNumericalRaw",
  "evaluatePerihelionPrecession",
  "findPerihelion",
  "format",
  "getActiveEngine",
  "hasAutogradSupport",
  "inferDimensionForBridge",
  "integrateGeodesic",
  "integrateGeodesicGL4",
  "multiply",
  "power",
  "ricci",
  "setActiveEngine",
  "subtract",
  "validate",
  "validateEquation",
  "validateInverseMetricPair",
]
`;
