// Vitest Snapshot v1, https://vitest.dev/guide/snapshot.html

exports[`Public API stability — v0.4.0 surface > runtime exports match the v0.4.0 snapshot 1`] = `
[
  "ACCELERATION",
  "ACTION",
  "ADJUDICATIONS",
  "ALPHA",
  "AREA",
  "Axes",
  "AxisMergeError",
  "AxisMismatchError",
  "AxisOrderError",
  "AxisSplitError",
  "BCS_GAP_RATIO",
  "BCS_RATIO_TIN",
  "BE11_DECOHERENCE_DIFF",
  "BE37_SHAPIRO_DIFF",
  "BE42_HAWKING_DIFF",
  "BE52_PERIHELION_DIFF",
  "BOOTSTRAP_NU",
  "BOOTSTRAP_NU_SIGMA",
  "BRIDGE_EQUATIONS",
  "B_WIEN_SI",
  "BridgeEquations",
  "CANONICAL_BY_ID",
  "CANONICAL_CONSTANTS",
  "CANONICAL_EQUATIONS",
  "CANONICAL_GRAPH",
  "CANONICAL_TENSOR_CONFIG",
  "CASIMIR_MOHIDEEN_ROY_1998",
  "CASSINI",
  "CATALOG_FULL_EDGES",
  "CATALOG_GRAPH",
  "CHARGE",
  "COLLISIONAL_HORNBERGER_2003",
  "CONFRONTATIONS",
  "CONFRONTATION_RIGOR",
  "C_SI",
  "CatalogIngestionError",
  "CompositionAliasError",
  "CompositionDimensionError",
  "CompositionJunctionError",
  "DECOHERENCE_EXPERIMENTAL_TOLERANCE",
  "DIFFERENTIABLE_BRIDGE_SPECS",
  "DIMENSIONLESS",
  "DimensionMismatchError",
  "DomainViolationError",
  "DuplicateCoordinateWarning",
  "EDDINGTON_RATIO_BRIGHT",
  "ENERGY",
  "ENTROPY",
  "E_SI",
  "EngineCapabilityError",
  "FORCE",
  "FQH_PLATEAU_TSUI_1982",
  "FREQUENCY",
  "Float64ReferenceEngine",
  "FluxViolationError",
  "FormulaDimensionError",
  "GW170817",
  "G_SI",
  "H0_SI",
  "HBAR_SI",
  "H_SI",
  "ISING_PELISSETTO_VICARI_2002",
  "IdentityConflictError",
  "JNT_FLOWERS_JACOBS_2017",
  "JOSEPHSON_CONSTANT_SI",
  "JOSEPHSON_UNIVERSALITY_BIPM",
  "KSS_BOUND",
  "K_B_CODATA_2014",
  "K_B_SI",
  "LANE_EMDEN_OMEGA3",
  "LENGTH",
  "LISA_PATHFINDER_CSL",
  "LORENZ_NUMBER_SI",
  "LORENZ_SILVER_2023",
  "L_P_SI",
  "LabeledTensor",
  "LabeledTensorConstructionError",
  "MASS",
  "MERCURY",
  "MOLECULAR_CLOUD_FRAGMENT",
  "M_E_SI",
  "M_P_SI",
  "M_SUN_KG",
  "M_SUN_SI",
  "NonGeometrizableDimensionError",
  "NumericalBackendError",
  "PLANCKIAN_CUPRATES",
  "PLANCKIAN_O1_BAND",
  "POWER",
  "PhysicalConstants",
  "QGP_BMB19",
  "QH_UNIVERSALITY_JANSSEN_2012",
  "QUANTITY_IDENTIFICATIONS",
  "REGISTERED_COMPOSITION_IDS",
  "REJECTED_BRIDGE_ADJUDICATIONS",
  "REJECTED_BRIDGE_IDS",
  "RankPreservationError",
  "RationalizationError",
  "RegimeCollisionError",
  "SOURCE_ALIAS_DISPOSITIONS",
  "SvgRendererUnavailableError",
  "SymbolicCompositionError",
  "SymbolicEvalError",
  "TEMPERATURE",
  "THOMSON_CROSS_SECTION_SI",
  "TIME",
  "T_P_SI",
  "UniversalTensor",
  "UserEquationError",
  "VELOCITY",
  "VLBI_LAMBERT_2009",
  "VON_KLITZING_SI",
  "WHITE_DWARF_MAX_MASS",
  "add",
  "adjudicateBridgeEntry",
  "adjudicateCatalog",
  "adjudicationFor",
  "analyzeUserEquation",
  "annotateAdjudications",
  "annotateConsequences",
  "astDifferentiableBridgeIds",
  "attachRegimesToCell",
  "be11ZurekEdge",
  "be12Edge",
  "be14Edge",
  "be16Edge",
  "be19Edge",
  "be21Edge",
  "be37Edge",
  "be42Edge",
  "be42ViaRsEdge",
  "be48Edge",
  "be51Edge",
  "be52Edge",
  "be53Edge",
  "be54Edge",
  "bianchiResidual",
  "bridgeGradient",
  "bridgeGradientAST",
  "bridgeGradientASTById",
  "bridgeGradientNumerical",
  "bridgesWithoutCanonicalPartner",
  "buckinghamPi",
  "buildVizModel",
  "candidateId",
  "canonicalByDomain",
  "canonicalById",
  "canonicalToEdges",
  "canonicalToLaw",
  "catalogToCells",
  "christoffel",
  "classifyAll",
  "classifyIdentifiability",
  "classifyLinkage",
  "classifyProposal",
  "combineInQuadrature",
  "compose",
  "composeEdges",
  "composeSymbolic",
  "computeKretschmann",
  "confrontBE11",
  "confrontBE21",
  "confrontBE23",
  "confrontBE23WithUncertainty",
  "confrontBE35",
  "confrontBE36",
  "confrontBE36WithUncertainty",
  "confrontBE37",
  "confrontBE48",
  "confrontBE51",
  "confrontBE52",
  "confrontBE55",
  "confrontBE56",
  "confrontBE58",
  "confrontBE59",
  "confrontBE60",
  "confrontBE61",
  "confrontBE62",
  "confrontBE63",
  "confrontBE64",
  "confrontBE65",
  "confrontationRigor",
  "consistencyRatio",
  "decidingMeasurement",
  "defineDimension",
  "defineForce",
  "defineInformation",
  "defineRegime",
  "defineScale",
  "defineSymmetry",
  "defineTopology",
  "describeGrounding",
  "dimensionAdjacency",
  "dimensionallyDetermines",
  "divide",
  "edgeToJunction",
  "einstein",
  "enumerateCompositions",
  "equals",
  "equationLanding",
  "evaluateACJosephson",
  "evaluateBCSGap",
  "evaluateBE37CovariantEikonalNumerical",
  "evaluateCasimir",
  "evaluateChandrasekharMass",
  "evaluateConservedCharge",
  "evaluateEddingtonLuminosity",
  "evaluateEdge",
  "evaluateEinsteinEquationResidual",
  "evaluateFractionalQH",
  "evaluateGravitationalLensing",
  "evaluateJeansMass",
  "evaluateJohnsonNyquist",
  "evaluateKGDispersionResidual",
  "evaluateMetricInverse",
  "evaluateNumerical",
  "evaluateNumericalRaw",
  "evaluatePerihelionPrecession",
  "evaluateQuantumHall",
  "evaluateUnruh",
  "evaluateWiedemannFranz",
  "explainQuantity",
  "findPerihelion",
  "format",
  "forwardClosure",
  "fromGeometrized",
  "geometrizedFactor",
  "getActiveEngine",
  "getCellRegimes",
  "gradientToNamed",
  "hasAutogradSupport",
  "inferDimensionForBridge",
  "inferUnknownDimension",
  "ingestCatalog",
  "ingestionReportToFluxReport",
  "integrateGeodesic",
  "integrateGeodesicGL4",
  "lawSchwarzschildRadius",
  "listConfrontations",
  "listRegimesByAxis",
  "lookupRegime",
  "makeIndex",
  "minConfidence",
  "multiply",
  "normalForm",
  "parsePhysics",
  "parseUserEquation",
  "partneredBridgeIds",
  "power",
  "propagateUncertainty",
  "provenanceFor",
  "rankDiscoveries",
  "regimesDiffer",
  "renderDotToSvg",
  "residualInSigma",
  "resolveToCatalogName",
  "retrodict",
  "retrodictNode",
  "rgCoupling",
  "ricci",
  "rigorDistribution",
  "runConfrontation",
  "scanCatalog",
  "scanLinkages",
  "seedCanonicalLaws",
  "setActiveEngine",
  "structurallyEqual",
  "substituteSymbolDim",
  "subtract",
  "suggestByDimension",
  "suggestQuantities",
  "toGeometrized",
  "validate",
  "validateBetaFunction",
  "validateEinsteinFieldEquation",
  "validateEquation",
  "validateFriedmannEquation",
  "validateGaugeField",
  "validateInverseMetricPair",
  "validateKleinGordonEquation",
  "validateKretschmannScalar",
  "validateRGCoupling",
  "validateTensorTrace",
  "validateTimeSymmetryPredicate",
  "verifyKillingEquation",
  "verifyKleinGordonPlaneWave",
]
`;
